// Jest Snapshot v1, https://goo.gl/fbAQLP

exports[`Rendering User Components 1`] = `<div />`;

exports[`renders an h1 1`] = `<div />`;
